ERR
#Must have an odd number of at least 7 parameters