OK
ERR
# a already exists
ERR
# a already exists
ERR
# a already exists
ERR
# a already exists
ERR
# a already exists
